// Jest Snapshot v1, https://goo.gl/fbAQLP

exports[`Calculator Component renders without crashing 1`] = `
<div
  className="container"
>
  <div
    className="screen"
  />
  <div
    className="buttonsContainer"
  >
    <button
      className="button"
      onClick={[Function]}
      value="+"
    >
      +
    </button>
    <button
      className="button"
      onClick={[Function]}
      value="-"
    >
      -
    </button>
    <button
      className="button"
      onClick={[Function]}
      value="/"
    >
      /
    </button>
    <button
      className="button"
      onClick={[Function]}
      value="*"
    >
      *
    </button>
    <button
      className="button"
      onClick={[Function]}
      value={1}
    >
      1
    </button>
    <button
      className="button"
      onClick={[Function]}
      value={2}
    >
      2
    </button>
    <button
      className="button"
      onClick={[Function]}
      value={3}
    >
      3
    </button>
    <button
      className="button"
      onClick={[Function]}
      value={4}
    >
      4
    </button>
    <button
      className="button"
      onClick={[Function]}
      value={5}
    >
      5
    </button>
    <button
      className="button"
      onClick={[Function]}
      value={6}
    >
      6
    </button>
    <button
      className="button"
      onClick={[Function]}
      value={7}
    >
      7
    </button>
    <button
      className="button"
      onClick={[Function]}
      value={8}
    >
      8
    </button>
    <button
      className="button"
      onClick={[Function]}
      value={9}
    >
      9
    </button>
    <button
      className="button"
      onClick={[Function]}
      value={0}
    >
      0
    </button>
    <button
      className="button"
      onClick={[Function]}
      value="."
    >
      .
    </button>
    <button
      className="button"
      onClick={[Function]}
    >
      Clear
    </button>
    <button
      className="button"
      onClick={[Function]}
    >
      =
    </button>
  </div>
</div>
`;
